// Vitest Snapshot v1, https://vitest.dev/guide/snapshot.html

exports[`basic > baz 1`] = `
{
  "foo": "bar",
}
`;
